// Jest Snapshot v1, https://goo.gl/fbAQLP

exports[`renders correctly 1`] = `
<div>
  <h2>
    Anasayfa
  </h2>
  <Link
    replace={false}
    to="/basla"
  >
    Kullanmaya Ba≈üla
  </Link>
</div>
`;
