// Jest Snapshot v1, https://goo.gl/fbAQLP

exports[`renders correctly 1`] = `
<img
  alt="github.com/CuneytYilmaz"
  height="46"
  src="logo.svg"
  width="155"
/>
`;
