// Jest Snapshot v1, https://goo.gl/fbAQLP

exports[`renders correctly 1`] = `
<div
  className="row Slider__slide"
>
  <div
    className="col-md-6"
  >
    <h1
      className="Slider__title Slider__title--main"
    >
      Yağlı ellerinle klavyeye dokunma, seslenerek Tepsi’yi kontrol et!
    </h1>
    <p
      className="u-gap-bottom"
    >
      Yağlı ellerinle klavye ve mouse’unu kirletme, seslenerek Tepsi’ye komutlar ver. Hangi komutların ne işe yaradığını öğrenmek için buraya tıkla!
    </p>
    <Button
      primary={true}
      secondary={false}
    >
      Kullanmaya Başla!
    </Button>
  </div>
  <div
    className="col-md-6 u-text-center"
  >
    <img
      alt="Yağlı ellerinle klavyeye dokunma, seslenerek Tepsi’yi kontrol et!"
      className="u-inline-block"
      height="378"
      src="slider-image-3.svg"
      width="400"
    />
  </div>
</div>
`;
